bun test v1.3.14 (0d9b296a)
bun.exe : 
所在位置 C:\nvm4w\nodejs\bun.ps1:14 字符: 3
+   & "$basedir/node_modules/bun/bin/bun.exe"   $args
+   ~~~~~~~~~~~~~~~~~~~~~~~~~~~~~~~~~~~~~~~~~~~~~~~~~
    + CategoryInfo          : NotSpecified: (:String) [], RemoteException
    + FullyQualifiedErrorId : NativeCommandError
 
src\test\testagent.test.ts:
(pass) 场景 1: Agent 注册表 > register — 注册 Agent 后可通过 get 查询 [5.24ms]
(pass) 场景 1: Agent 注册表 > get — 不存在的 Agent 返回 AgentNotFoundError [1.98ms]
(pass) 场景 1: Agent 注册表 > registerAll — 批量注册后全部可查询 [1.00ms]
(pass) 场景 1: Agent 注册表 > list — 默认列出所有已注册 Agent [0.99ms]
(pass) 场景 1: Agent 注册表 > list — enabledOnly=true 过滤禁用 Agent [0.78ms]
(pass) 场景 1: Agent 注册表 > list — 按能力过滤 [0.75ms]
(pass) 场景 1: Agent 注册表 > setEnabled — 动态启禁 Agent [0.96ms]
(pass) 场景 1: Agent 注册表 > setEnabled — 不存在的 Agent 返回 AgentNotFoundError [0.93ms]
(pass) 场景 1: Agent 注册表 > select — 根据消息内容自动选择 Agent [1.40ms]
(pass) 场景 1: Agent 注册表 > select — 无匹配时返回 chat Agent [0.66ms]
(pass) 场景 1: Agent 注册表 > select — 无可用 Agent 时报错 [0.73ms]
(pass) 场景 1: Agent 注册表 > clear — 清空所有 Agent 后 list 为空 [0.81ms]
(pass) 场景 1: Agent 注册表 > clear — 清空后可重新注册 [0.82ms]
(pass) 场景 1: Agent 注册表 > detectIntent — 排序关键词触发 code-write 选择 [0.78ms]
(pass) 场景 1: Agent 注册表 > detectIntent — 算法关键词触发 code-write 选择 [0.77ms]
(pass) 场景 2: Agent 服务 — 非流式执行 > run — 指定 Agent 执行并返回结果 [4.61ms]
(pass) 场景 2: Agent 服务 — 非流式执行 > run — 不存在的 Agent 返回 AgentNotFoundError [0.52ms]
(pass) 场景 2: Agent 服务 — 非流式执行 > listAgents — 列出启用的 Agent [0.38ms]
(pass) 场景 2: Agent 服务 — 非流式执行 > getAgent — 获取单个 Agent [0.24ms]
(pass) 场景 2: Agent 服务 — 非流式执行 > getAgent — 不存在的 Agent 报错 [0.26ms]
(pass) 场景 2: Agent 服务 — 非流式执行 > setSessionAgent / getCurrentAgent — 绑定与会话 Agent
 [0.46ms]
(pass) 场景 2: Agent 服务 — 非流式执行 > setSessionAgent — 绑定不存在的 Agent 报错 [0.23ms]
(pass) 场景 2: Agent 服务 — 非流式执行 > run — 执行后自动绑定 Agent 到会话 [0.27ms]
(pass) 场景 2: Agent 服务 — 非流式执行 > runAuto — 自动选择 Agent 并执行 [0.39ms]
(pass) 场景 2: Agent 服务 — 非流式执行 > runAuto — 有已绑定 Agent 时优先使用绑定的 [0.29ms]
(pass) 场景 2: Agent 服务 — 非流式执行 > runAuto — 已绑定 Agent 被禁用时回退到 select [0.33ms]
(pass) 场景 3: 错误处理与边界 > Executor 失败传播为 AgentExecutionError [2.07ms]
(pass) 场景 3: 错误处理与边界 > 覆盖同名 Agent 以最后注册为准 [0.65ms]
(pass) 场景 3: 错误处理与边界 > 禁用 Agent 后 run 仍可执行（禁用只影响 list/select） [1.46ms]
(pass) 场景 4: 流式执行 > runStream — 返回 Stream<ExecutionState> [5.41ms]
(pass) 场景 5: 内置 Agent 配置 > 定义了 8 个内置 Agent [0.02ms]
(pass) 场景 5: 内置 Agent 配置 > 每个 Agent 都有必需的字段 [0.05ms]
(pass) 场景 5: 内置 Agent 配置 > 内置 Agent ID 都是唯一的 [0.02ms]
(pass) 场景 5: 内置 Agent 配置 > Chat Agent 有基本配置 [0.03ms]
(pass) 场景 5: 内置 Agent 配置 > Coder Agent 有代码操作权限 [0.02ms]

src\test\testcli.test.ts:
(pass) 场景 1: Output 模块 > theme 包含所有颜色函数 [0.05ms]
(pass) 场景 1: Output 模块 > theme 函数接受字符串参数并返回字符串 [0.09ms]
(pass) 场景 1: Output 模块 > createStreamHandler 默认返回处理器 [0.04ms]
(pass) 场景 1: Output 模块 > createStreamHandler 开启 verbose 模式 [0.01ms]
(pass) 场景 1: Output 模块 > createStreamHandler onChunk 累积内容 [0.10ms]
(pass) 场景 1: Output 模块 > createStreamHandler getContent 初始为空 [0.01ms]
Hello World──────────────────────────────────────────────────
--------------------
(pass) 场景 1: Output 模块 > printSeparator 不抛出异常 [0.08ms]

==================================================
  Test Title
==================================================

(pass) 场景 1: Output 模块 > printTitle 不抛出异常 [0.04ms]

You:
  Hello
(pass) 场景 1: Output 模块 > printUserMessage 不抛出异常 [0.03ms]

Assistant:
  Hi there
(pass) 场景 1: Output 模块 > printAssistantMessage 不抛出异常 [0.03ms]
[INFO] Info msg
[INFO] Info msg
(pass) 场景 1: Output 模块 > printSystemMessage info 级别不抛出异常 [0.04ms]
[WARNING] Warning msg
(pass) 场景 1: Output 模块 > printSystemMessage warning 级别不抛出异常 [0.02ms]
[ERROR] Error msg
(pass) 场景 1: Output 模块 > printSystemMessage error 级别不抛出异常 [0.01ms]


(pass) 场景 1: Output 模块 > printAgentList 空列表不抛出异常 [0.05ms]

  ✓ a1  Agent 1
      Desc 1

(pass) 场景 1: Output 模块 > printAgentList 包含 agent 不抛出异常 [0.04ms]

  ✓ a1  A1
      D1
  ✗ a2  A2
      D2
  ✓ a3  A3
      D3

(pass) 场景 1: Output 模块 > printAgentList 混合启用状态不抛出异常 [0.04ms]


(pass) 场景 1: Output 模块 > printToolList 空列表不抛出异常 [0.04ms]

  ✓ t1  [file]
      Tool 1

(pass) 场景 1: Output 模块 > printToolList 包含工具不抛出异常 [0.03ms]

  ✓ t1  [file]
      T1
  ✗ t2  [search]
      T2

(pass) 场景 1: Output 模块 > printToolList 混合启用状态不抛出异常 [0.05ms]


(pass) 场景 1: Output 模块 > printSessionList 空列表不抛出异常 [0.04ms]

  abc123  Test
      2026/6/8 08:08:28 • 5 messages

(pass) 场景 1: Output 模块 > printSessionList 包含会话不抛出异常 [1.58ms]

🔧 Calling tool: read_file
   Arguments: {
  "path": "/test.txt"
}

🔧 Calling tool: read_file
   Arguments: {
  "path": "/test.txt"
}
   Result: file contents

🔧 Calling tool: read_file
   Arguments: {
  "path": "/test.txt"
}
   Error: not found
(pass) 场景 1: Output 模块 > printToolCall 不抛出异常 [0.28ms]
🔄 Initializing...
💭 Thinking (iteration 1)...
🔧 Calling tool: read_file
⚙️ Processing result...
hello
✅ Done
❌ Error: Something wrong
(pass) 场景 1: Output 模块 > printExecutionState 各阶段不抛出异常 [0.23ms]
(pass) 场景 2: 命令结构 > toolCommand 存在且类型正确 [0.03ms]
(pass) 场景 2: 命令结构 > toolCommand 有 list 子命令 [0.03ms]
(pass) 场景 2: 命令结构 > toolCommand 有 enable 子命令 [0.02ms]
(pass) 场景 2: 命令结构 > toolCommand 有 disable 子命令 [0.02ms]
(pass) 场景 2: 命令结构 > agentCommand 存在且类型正确 [0.02ms]
(pass) 场景 2: 命令结构 > agentCommand 有 list 子命令 [0.01ms]
(pass) 场景 2: 命令结构 > agentCommand 有 info 子命令 [0.02ms]
(pass) 场景 2: 命令结构 > agentCommand 有 enable 子命令 [0.01ms]
(pass) 场景 2: 命令结构 > agentCommand 有 disable 子命令 [0.01ms]
(pass) 场景 2: 命令结构 > agentCommand 有 select 子命令 [0.02ms]
(pass) 场景 2: 命令结构 > chatCommand 存在 [0.01ms]
(pass) 场景 2: 命令结构 > runCommand 存在且有参数 [0.03ms]
(pass) 场景 2: 命令结构 > cli 包含所有子命令 [0.03ms]
